// Jest Snapshot v1, https://goo.gl/fbAQLP

exports[`loadDocs simple docs 1`] = `
Array [
  Object {
    "id": "hello",
    "path": "/hello",
    "source": "hello.md",
    "title": "Hello, World !",
  },
  Object {
    "id": "bar",
    "path": "/foo/bar",
    "source": "foo/bar.md",
    "title": "Bar",
  },
  Object {
    "id": "baz",
    "path": "/foo/baz",
    "source": "foo/baz.md",
    "title": "baz",
  },
]
`;
