// Jest Snapshot v1, https://goo.gl/fbAQLP

exports[`getMetadata blog file 1`] = `
Object {
  "author": "Endilie",
  "authorFBID": 100000251103620,
  "authorTwitter": "endiliey",
  "authorURL": "https://github.com/endiliey",
  "content": "
![Docusaurus](/img/slash-introducing.png)

We are very happy to introduce [Docusaurus](https://github.com/facebook/Docusaurus) to help you manage one or many open source websites.",
  "id": "Docusaurus",
  "path": "2018/08/17/docusaurus.html",
  "title": "Docusaurus",
}
`;

exports[`replaceAssetsLink does not transform document without valid assets link 1`] = `
"
### Existing Docs

- [doc1](doc1.md)
- [doc2](./doc2.md)

### Non-existing Docs

- [hahaha](hahaha.md)

## Repeating Docs

- [doc1](doc1.md)
- [doc2](./doc2.md)

## Do not replace this
\`\`\`md
![image1](assets/image1.png)
\`\`\`

\`\`\`js
const doc1 = foo();
console.log(\\"[image2](assets/image2.jpg)\\");
const testStr = \`![image3](assets/image3.gif)\`;
\`\`\`"
`;

exports[`replaceAssetsLink transform document with valid assets link 1`] = `
"
Docusaurus is the best :)

![image1](/blog/assets/image1.png)

\`\`\`js
console.log(\\"Docusaurus\\");
\`\`\`

![image2](/blog/assets/image2.jpg)
![image3](/blog/assets/image3.gif)

Don't replace the one below
\`\`\`md

![image4](assets/image4.bmp)
\`\`\`"
`;
